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

$ git config --list
 verificar configuracion de credenciales, por el buscador tambien puedo ingresar y buscar credenciales y renovar token 


Catri@DESKTOP-67BL53D MINGW64 ~/Documents/ecomuebles (master)
$ git init
Initialized empty Git repository in C:/Users/Catri/Documents/ecomuebles/.git/

Catri@DESKTOP-67BL53D MINGW64 ~/Documents/ecomuebles (master)
$ git add .

Catri@DESKTOP-67BL53D MINGW64 ~/Documents/ecomuebles (master)
$ git commit -m "primera version de la rama principal"
[master (root-commit) 5aad466] primera version de la rama principal
 4 files changed, 0 insertions(+), 0 deletions(-)
 create mode 100644 1.txt
 create mode 100644 controlador/2.txt
 create mode 100644 modelo/3.txt
 create mode 100644 vista/4.txt

Catri@DESKTOP-67BL53D MINGW64 ~/Documents/ecomuebles (master)
$ git branch -M main

Catri@DESKTOP-67BL53D MINGW64 ~/Documents/ecomuebles (main)
$ git remote add origin https://github.com/carolinaurrego/ecomuebles_rama.git

Catri@DESKTOP-67BL53D MINGW64 ~/Documents/ecomuebles (main)
$ git push -u origin main
Enumerating objects: 6, done.
Counting objects: 100% (6/6), done.
Delta compression using up to 4 threads
Compressing objects: 100% (2/2), done.
Writing objects: 100% (6/6), 456 bytes | 228.00 KiB/s, done.
Total 6 (delta 0), reused 0 (delta 0), pack-reused 0
To https://github.com/carolinaurrego/ecomuebles_rama.git
 * [new branch]      main -> main
Branch 'main' set up to track remote branch 'main' from 'origin'.

Catri@DESKTOP-67BL53D MINGW64 ~/Documents/ecomuebles (main)
$

Catri@DESKTOP-67BL53D MINGW64 ~/Documents/ecomuebles_rama-main (master)
$ git init
Initialized empty Git repository in C:/Users/Catri/Documents/ecomuebles_rama-main/.git/

Catri@DESKTOP-67BL53D MINGW64 ~/Documents/ecomuebles_rama-main (master)
$ git branch -M main

Catri@DESKTOP-67BL53D MINGW64 ~/Documents/ecomuebles_rama-main (main)
$ git status
On branch main

No commits yet

Untracked files:
  (use "git add <file>..." to include in what will be committed)
        1.txt
        controlador/
        modelo/
        vista/

nothing added to commit but untracked files present (use "git add" to track)

Catri@DESKTOP-67BL53D MINGW64 ~/Documents/ecomuebles_rama-main (main)
$ git remote add origin https://github.com/carolinaurrego/ecomuebles_rama.git

Catri@DESKTOP-67BL53D MINGW64 ~/Documents/ecomuebles_rama-main (main)
$ git pull origin main
remote: Enumerating objects: 6, done.
remote: Counting objects: 100% (6/6), done.
remote: Compressing objects: 100% (2/2), done.
remote: Total 6 (delta 0), reused 6 (delta 0), pack-reused 0
Unpacking objects: 100% (6/6), 436 bytes | 16.00 KiB/s, done.
From https://github.com/carolinaurrego/ecomuebles_rama
 * branch            main       -> FETCH_HEAD
 * [new branch]      main       -> origin/main
error: The following untracked working tree files would be overwritten by merge:
        1.txt
        controlador/2.txt
        modelo/3.txt
        vista/4.txt
Please move or remove them before you merge.
Aborting

Catri@DESKTOP-67BL53D MINGW64 ~/Documents/ecomuebles_rama-main (main)
$ git status
On branch main

No commits yet

Untracked files:
  (use "git add <file>..." to include in what will be committed)
        1.txt
        controlador/
        modelo/
        vista/

nothing added to commit but untracked files present (use "git add" to track)

Catri@DESKTOP-67BL53D MINGW64 ~/Documents/ecomuebles_rama-main (main)
$ git push -u origin main
error: src refspec main does not match any
error: failed to push some refs to 'https://github.com/carolinaurrego/ecomuebles_rama.git'

Catri@DESKTOP-67BL53D MINGW64 ~/Documents/ecomuebles_rama-main (main)
$ ^C

Catri@DESKTOP-67BL53D MINGW64 ~/Documents/ecomuebles_rama-main (main)
$ gg
bash: gg: command not found

Catri@DESKTOP-67BL53D MINGW64 ~/Documents/ecomuebles_rama-main (main)
$ git push -u origin main
error: src refspec main does not match any
error: failed to push some refs to 'https://github.com/carolinaurrego/ecomuebles_rama.git'

Catri@DESKTOP-67BL53D MINGW64 ~/Documents/ecomuebles_rama-main (main)
$ ^C

Catri@DESKTOP-67BL53D MINGW64 ~/Documents/ecomuebles_rama-main (main)
$ git push -u origin main
error: src refspec main does not match any
error: failed to push some refs to 'https://github.com/carolinaurrego/ecomuebles_rama.git'

Catri@DESKTOP-67BL53D MINGW64 ~/Documents/ecomuebles_rama-main (main)
$ git push -f origin main
error: src refspec main does not match any
error: failed to push some refs to 'https://github.com/carolinaurrego/ecomuebles_rama.git'

Catri@DESKTOP-67BL53D MINGW64 ~/Documents/ecomuebles_rama-main (main)
$ git status
On branch main

No commits yet

Untracked files:
  (use "git add <file>..." to include in what will be committed)
        1.txt
        controlador/
        modelo/
        vista/

nothing added to commit but untracked files present (use "git add" to track)

Catri@DESKTOP-67BL53D MINGW64 ~/Documents/ecomuebles_rama-main (main)
$ git push -u origin main
error: src refspec main does not match any
error: failed to push some refs to 'https://github.com/carolinaurrego/ecomuebles_rama.git'

Catri@DESKTOP-67BL53D MINGW64 ~/Documents/ecomuebles_rama-main (main)
$ git add .

Catri@DESKTOP-67BL53D MINGW64 ~/Documents/ecomuebles_rama-main (main)
$ git push -u origin main
error: src refspec main does not match any
error: failed to push some refs to 'https://github.com/carolinaurrego/ecomuebles_rama.git'

Catri@DESKTOP-67BL53D MINGW64 ~/Documents/ecomuebles_rama-main (main)
$ git push origin main
error: src refspec main does not match any
error: failed to push some refs to 'https://github.com/carolinaurrego/ecomuebles_rama.git'

Catri@DESKTOP-67BL53D MINGW64 ~/Documents/ecomuebles_rama-main (main)
$ git add .

Catri@DESKTOP-67BL53D MINGW64 ~/Documents/ecomuebles_rama-main (main)
$ git status
On branch main

No commits yet

Changes to be committed:
  (use "git rm --cached <file>..." to unstage)
        new file:   1.txt
        new file:   controlador/2.txt
        new file:   modelo/3.txt
        new file:   vista/4.txt


Catri@DESKTOP-67BL53D MINGW64 ~/Documents/ecomuebles_rama-main (main)
$ git commit -m "intentando hacer un cambio en la rama prinncipal"
[main (root-commit) 98a4418] intentando hacer un cambio en la rama prinncipal
 4 files changed, 0 insertions(+), 0 deletions(-)
 create mode 100644 1.txt
 create mode 100644 controlador/2.txt
 create mode 100644 modelo/3.txt
 create mode 100644 vista/4.txt

Catri@DESKTOP-67BL53D MINGW64 ~/Documents/ecomuebles_rama-main (main)
$ git push -u origin main
To https://github.com/carolinaurrego/ecomuebles_rama.git
 ! [rejected]        main -> main (non-fast-forward)
error: failed to push some refs to 'https://github.com/carolinaurrego/ecomuebles_rama.git'
hint: Updates were rejected because the tip of your current branch is behind
hint: its remote counterpart. Integrate the remote changes (e.g.
hint: 'git pull ...') before pushing again.
hint: See the 'Note about fast-forwards' in 'git push --help' for details.

Catri@DESKTOP-67BL53D MINGW64 ~/Documents/ecomuebles_rama-main (main)
$ git push -f origin main
Enumerating objects: 6, done.
Counting objects: 100% (6/6), done.
Delta compression using up to 4 threads
Compressing objects: 100% (2/2), done.
Writing objects: 100% (6/6), 462 bytes | 154.00 KiB/s, done.
Total 6 (delta 0), reused 0 (delta 0), pack-reused 0
To https://github.com/carolinaurrego/ecomuebles_rama.git
 + 5aad466...98a4418 main -> main (forced update)

Catri@DESKTOP-67BL53D MINGW64 ~/Documents/ecomuebles_rama-main (main)
$ git branch carolina

Catri@DESKTOP-67BL53D MINGW64 ~/Documents/ecomuebles_rama-main (main)
$ git checkout carolina
Switched to branch 'carolina'

Catri@DESKTOP-67BL53D MINGW64 ~/Documents/ecomuebles_rama-main (carolina)
$ ls
1.txt  controlador/  modelo/  vista/

Catri@DESKTOP-67BL53D MINGW64 ~/Documents/ecomuebles_rama-main (carolina)
$ cd vista

Catri@DESKTOP-67BL53D MINGW64 ~/Documents/ecomuebles_rama-main/vista (carolina)
$ ls
4.txt

Catri@DESKTOP-67BL53D MINGW64 ~/Documents/ecomuebles_rama-main/vista (carolina)
$ notepad 4.txt

Catri@DESKTOP-67BL53D MINGW64 ~/Documents/ecomuebles_rama-main/vista (carolina)
$ cd ..

Catri@DESKTOP-67BL53D MINGW64 ~/Documents/ecomuebles_rama-main (carolina)
$ git status
On branch carolina
Changes not staged for commit:
  (use "git add <file>..." to update what will be committed)
  (use "git restore <file>..." to discard changes in working directory)
        modified:   vista/4.txt

no changes added to commit (use "git add" and/or "git commit -a")

Catri@DESKTOP-67BL53D MINGW64 ~/Documents/ecomuebles_rama-main (carolina)
$ git add .

Catri@DESKTOP-67BL53D MINGW64 ~/Documents/ecomuebles_rama-main (carolina)
$ git commit -m "primer cambio desde la rama carolina"
[carolina 978d5e7] primer cambio desde la rama carolina
 1 file changed, 1 insertion(+)

Catri@DESKTOP-67BL53D MINGW64 ~/Documents/ecomuebles_rama-main (carolina)
$ git push -u origin carolina
Enumerating objects: 7, done.
Counting objects: 100% (7/7), done.
Delta compression using up to 4 threads
Compressing objects: 100% (2/2), done.
Writing objects: 100% (4/4), 351 bytes | 175.00 KiB/s, done.
Total 4 (delta 1), reused 0 (delta 0), pack-reused 0
remote: Resolving deltas: 100% (1/1), completed with 1 local object.
remote:
remote: Create a pull request for 'carolina' on GitHub by visiting:
remote:      https://github.com/carolinaurrego/ecomuebles_rama/pull/new/carolina
remote:
To https://github.com/carolinaurrego/ecomuebles_rama.git
 * [new branch]      carolina -> carolina
Branch 'carolina' set up to track remote branch 'carolina' from 'origin'.

Catri@DESKTOP-67BL53D MINGW64 ~/Documents/ecomuebles_rama-main (carolina)
$ git checkout main
Switched to branch 'main'

Catri@DESKTOP-67BL53D MINGW64 ~/Documents/ecomuebles_rama-main (main)
$ git status
On branch main
nothing to commit, working tree clean

Catri@DESKTOP-67BL53D MINGW64 ~/Documents/ecomuebles_rama-main (main)
$ git merge carolina
Updating 98a4418..978d5e7
Fast-forward
 vista/4.txt | 1 +
 1 file changed, 1 insertion(+)

Catri@DESKTOP-67BL53D MINGW64 ~/Documents/ecomuebles_rama-main (main)
$ git status
On branch main
nothing to commit, working tree clean

Catri@DESKTOP-67BL53D MINGW64 ~/Documents/ecomuebles_rama-main (main)
$ git push -u origin main
Total 0 (delta 0), reused 0 (delta 0), pack-reused 0
To https://github.com/carolinaurrego/ecomuebles_rama.git
   98a4418..978d5e7  main -> main
Branch 'main' set up to track remote branch 'main' from 'origin'.

Catri@DESKTOP-67BL53D MINGW64 ~/Documents/ecomuebles_rama-main (main)
$ git init
Reinitialized existing Git repository in C:/Users/Catri/Documents/ecomuebles_rama-main/.git/

Catri@DESKTOP-67BL53D MINGW64 ~/Documents/ecomuebles_rama-main (main)
$ checkout main
bash: checkout: command not found

Catri@DESKTOP-67BL53D MINGW64 ~/Documents/ecomuebles_rama-main (main)
$ ^C

Catri@DESKTOP-67BL53D MINGW64 ~/Documents/ecomuebles_rama-main (main)
$ git branch -M main

Catri@DESKTOP-67BL53D MINGW64 ~/Documents/ecomuebles_rama-main (main)
$ git branch -M master

Catri@DESKTOP-67BL53D MINGW64 ~/Documents/ecomuebles_rama-main (master)
$ git init
Reinitialized existing Git repository in C:/Users/Catri/Documents/ecomuebles_rama-main/.git/

Catri@DESKTOP-67BL53D MINGW64 ~/Documents/ecomuebles_rama-main (master)
$ git status
On branch master
Your branch is up to date with 'origin/main'.

nothing to commit, working tree clean

Catri@DESKTOP-67BL53D MINGW64 ~/Documents/ecomuebles_rama-main (master)
$ git branch tatiana

Catri@DESKTOP-67BL53D MINGW64 ~/Documents/ecomuebles_rama-main (master)
$ git checkout tatiana
Switched to branch 'tatiana'

Catri@DESKTOP-67BL53D MINGW64 ~/Documents/ecomuebles_rama-main (tatiana)
$ ls
1.txt  controlador/  modelo/  vista/

Catri@DESKTOP-67BL53D MINGW64 ~/Documents/ecomuebles_rama-main (tatiana)
$ cd vista

Catri@DESKTOP-67BL53D MINGW64 ~/Documents/ecomuebles_rama-main/vista (tatiana)
$ ls
4.txt

Catri@DESKTOP-67BL53D MINGW64 ~/Documents/ecomuebles_rama-main/vista (tatiana)
$ notepad 4.txt

Catri@DESKTOP-67BL53D MINGW64 ~/Documents/ecomuebles_rama-main/vista (tatiana)
$ cd ..

Catri@DESKTOP-67BL53D MINGW64 ~/Documents/ecomuebles_rama-main (tatiana)
$ git status
On branch tatiana
Changes not staged for commit:
  (use "git add <file>..." to update what will be committed)
  (use "git restore <file>..." to discard changes in working directory)
        modified:   vista/4.txt

no changes added to commit (use "git add" and/or "git commit -a")

Catri@DESKTOP-67BL53D MINGW64 ~/Documents/ecomuebles_rama-main (tatiana)
$ git add ..
fatal: ..: '..' is outside repository at 'C:/Users/Catri/Documents/ecomuebles_rama-main'

Catri@DESKTOP-67BL53D MINGW64 ~/Documents/ecomuebles_rama-main (tatiana)
$ git add .

Catri@DESKTOP-67BL53D MINGW64 ~/Documents/ecomuebles_rama-main (tatiana)
$ git commit -m"abriendo rama tatiana"
[tatiana a32450c] abriendo rama tatiana
 1 file changed, 2 insertions(+), 1 deletion(-)

Catri@DESKTOP-67BL53D MINGW64 ~/Documents/ecomuebles_rama-main (tatiana)
$ git push -u origin tatiana
Enumerating objects: 7, done.
Counting objects: 100% (7/7), done.
Delta compression using up to 4 threads
Compressing objects: 100% (3/3), done.
Writing objects: 100% (4/4), 358 bytes | 179.00 KiB/s, done.
Total 4 (delta 1), reused 0 (delta 0), pack-reused 0
remote: Resolving deltas: 100% (1/1), completed with 1 local object.
remote:
remote: Create a pull request for 'tatiana' on GitHub by visiting:
remote:      https://github.com/carolinaurrego/ecomuebles_rama/pull/new/tatiana
remote:
To https://github.com/carolinaurrego/ecomuebles_rama.git
 * [new branch]      tatiana -> tatiana
Branch 'tatiana' set up to track remote branch 'tatiana' from 'origin'.

Catri@DESKTOP-67BL53D MINGW64 ~/Documents/ecomuebles_rama-main (tatiana)
$ git checkout main
Switched to a new branch 'main'
Branch 'main' set up to track remote branch 'main' from 'origin'.

Catri@DESKTOP-67BL53D MINGW64 ~/Documents/ecomuebles_rama-main (main)
$ git status
On branch main
Your branch is up to date with 'origin/main'.

nothing to commit, working tree clean

Catri@DESKTOP-67BL53D MINGW64 ~/Documents/ecomuebles_rama-main (main)
$ git merge tatiana
Updating 978d5e7..a32450c
Fast-forward
 vista/4.txt | 3 ++-
 1 file changed, 2 insertions(+), 1 deletion(-)

Catri@DESKTOP-67BL53D MINGW64 ~/Documents/ecomuebles_rama-main (main)
$ git push -u origin main

Total 0 (delta 0), reused 0 (delta 0), pack-reused 0
To https://github.com/carolinaurrego/ecomuebles_rama.git
   978d5e7..a32450c  main -> main
Branch 'main' set up to track remote branch 'main' from 'origin'.

Catri@DESKTOP-67BL53D MINGW64 ~/Documents/ecomuebles_rama-main (main)
$

Catri@DESKTOP-67BL53D MINGW64 ~/Documents/ecomuebles_rama-main (main)
$
